
> MASH-Backend@0.0.1 build
> nest build

node.exe : [96msrc/common/services/cache-manager.service.ts[0m:[93m322[0m:[93m19[0m - 
[91merror[0m[90m TS2353: [0mObject literal may only specify known properties, and 'total' does not exist 
in type 'OrderSumAggregateInputType'.
At line:1 char:1
+ & "C:\Program Files\nodejs/node.exe" "C:\Program Files\nodejs/node_mo ...
+ ~~~~~~~~~~~~~~~~~~~~~~~~~~~~~~~~~~~~~~~~~~~~~~~~~~~~~~~~~~~~~~~~~~~~~
    + CategoryInfo          : NotSpecified: ([96msrc/common...gateInputType'.:String) [], RemoteException
    + FullyQualifiedErrorId : NativeCommandError
 

[7m322[0m           _sum: { total: true },
[7m   [0m [91m                  ~~~~~[0m

  [96mnode_modules/.prisma/client/index.d.ts[0m:[93m20298[0m:[93m5[0m
    [7m20298[0m     _sum?: OrderSumAggregateInputType
    [7m     [0m [96m    ~~~~[0m
    The expected type comes from property '_sum' which is declared here on type 
'Subset<OrderAggregateArgs<DefaultArgs>, OrderAggregateArgs<DefaultArgs>>'
[96msrc/common/services/cache-manager.service.ts[0m:[93m332[0m:[93m48[0m - [91merror[0m[90m TS2339: 
[0mProperty 'total' does not exist on type '{ subtotal?: Decimal; shippingCost?: Decimal; taxAmount?: 
Decimal; discountAmount?: Decimal; totalAmount?: Decimal; }'.

[7m332[0m         totalRevenue: Number(totalRevenue._sum.total) || 0,
[7m   [0m [91m                                               ~~~~~[0m
[96msrc/modules/admin/admin.service.ts[0m:[93m43[0m:[93m15[0m - [91merror[0m[90m TS2353: [0mObject 
literal may only specify known properties, and 'total' does not exist in type 'OrderSumAggregateInputType'.

[7m43[0m       _sum: { total: true },
[7m  [0m [91m              ~~~~~[0m

  [96mnode_modules/.prisma/client/index.d.ts[0m:[93m20298[0m:[93m5[0m
    [7m20298[0m     _sum?: OrderSumAggregateInputType
    [7m     [0m [96m    ~~~~[0m
    The expected type comes from property '_sum' which is declared here on type 
'Subset<OrderAggregateArgs<DefaultArgs>, OrderAggregateArgs<DefaultArgs>>'
[96msrc/modules/admin/admin.service.ts[0m:[93m64[0m:[93m35[0m - [91merror[0m[90m TS2339: 
[0mProperty 'total' does not exist on type '{ subtotal?: Decimal; shippingCost?: Decimal; taxAmount?: 
Decimal; discountAmount?: Decimal; totalAmount?: Decimal; }'.

[7m64[0m         total: totalRevenue._sum?.total || 0,
[7m  [0m [91m                                  ~~~~~[0m
[96msrc/modules/admin/admin.service.ts[0m:[93m389[0m:[93m7[0m - [91merror[0m[90m TS2615: [0mType 
of property 'AND' circularly references itself in mapped type '{ [K in keyof { AND?: 
OrderScalarWhereWithAggregatesInput | OrderScalarWhereWithAggregatesInput[]; OR?: 
OrderScalarWhereWithAggregatesInput[]; ... 26 more ...; updatedAt?: string | ... 1 more ... | 
DateTimeWithAggregatesFilter<...>; }]: Or<...> extends 1 ? { ...; }[K] extends infer TK ? 
GetHavingFields<...> : never ...'.

[7m389[0m       this.prisma.order.groupBy({
[7m   [0m [91m      ~~~~~~~~~~~~~~~~~~~~~~~~~~~[0m
[7m390[0m         by: ['status'],
[7m   [0m [91m~~~~~~~~~~~~~~~~~~~~~~~[0m
[7m...[0m 
[7m393[0m         where,
[7m   [0m [91m~~~~~~~~~~~~~~[0m
[7m394[0m       }),
[7m   [0m [91m~~~~~~~~[0m
[96msrc/modules/admin/admin.service.ts[0m:[93m389[0m:[93m7[0m - [91merror[0m[90m TS2615: [0mType 
of property 'NOT' circularly references itself in mapped type '{ [K in keyof { AND?: 
OrderScalarWhereWithAggregatesInput | OrderScalarWhereWithAggregatesInput[]; OR?: 
OrderScalarWhereWithAggregatesInput[]; ... 26 more ...; updatedAt?: string | ... 1 more ... | 
DateTimeWithAggregatesFilter<...>; }]: Or<...> extends 1 ? { ...; }[K] extends infer TK ? 
GetHavingFields<...> : never ...'.

[7m389[0m       this.prisma.order.groupBy({
[7m   [0m [91m      ~~~~~~~~~~~~~~~~~~~~~~~~~~~[0m
[7m390[0m         by: ['status'],
[7m   [0m [91m~~~~~~~~~~~~~~~~~~~~~~~[0m
[7m...[0m 
[7m393[0m         where,
[7m   [0m [91m~~~~~~~~~~~~~~[0m
[7m394[0m       }),
[7m   [0m [91m~~~~~~~~[0m
[96msrc/modules/admin/admin.service.ts[0m:[93m389[0m:[93m7[0m - [91merror[0m[90m TS2615: [0mType 
of property 'OR' circularly references itself in mapped type '{ [K in keyof { AND?: 
OrderScalarWhereWithAggregatesInput | OrderScalarWhereWithAggregatesInput[]; OR?: 
OrderScalarWhereWithAggregatesInput[]; ... 26 more ...; updatedAt?: string | ... 1 more ... | 
DateTimeWithAggregatesFilter<...>; }]: Or<...> extends 1 ? { ...; }[K] extends infer TK ? 
GetHavingFields<...> : never ...'.

[7m389[0m       this.prisma.order.groupBy({
[7m   [0m [91m      ~~~~~~~~~~~~~~~~~~~~~~~~~~~[0m
[7m390[0m         by: ['status'],
[7m   [0m [91m~~~~~~~~~~~~~~~~~~~~~~~[0m
[7m...[0m 
[7m393[0m         where,
[7m   [0m [91m~~~~~~~~~~~~~~[0m
[7m394[0m       }),
[7m   [0m [91m~~~~~~~~[0m
[96msrc/modules/admin/admin.service.ts[0m:[93m397[0m:[93m17[0m - [91merror[0m[90m TS2353: 
[0mObject literal may only specify known properties, and 'total' does not exist in type 
'OrderSumAggregateInputType'.

[7m397[0m         _sum: { total: true },
[7m   [0m [91m                ~~~~~[0m

  [96mnode_modules/.prisma/client/index.d.ts[0m:[93m20298[0m:[93m5[0m
    [7m20298[0m     _sum?: OrderSumAggregateInputType
    [7m     [0m [96m    ~~~~[0m
    The expected type comes from property '_sum' which is declared here on type 
'Subset<OrderAggregateArgs<DefaultArgs>, OrderAggregateArgs<DefaultArgs>>'
[96msrc/modules/admin/admin.service.ts[0m:[93m398[0m:[93m17[0m - [91merror[0m[90m TS2353: 
[0mObject literal may only specify known properties, and 'total' does not exist in type 
'OrderAvgAggregateInputType'.

[7m398[0m         _avg: { total: true },
[7m   [0m [91m                ~~~~~[0m

  [96mnode_modules/.prisma/client/index.d.ts[0m:[93m20292[0m:[93m5[0m
    [7m20292[0m     _avg?: OrderAvgAggregateInputType
    [7m     [0m [96m    ~~~~[0m
    The expected type comes from property '_avg' which is declared here on type 
'Subset<OrderAggregateArgs<DefaultArgs>, OrderAggregateArgs<DefaultArgs>>'
[96msrc/modules/admin/admin.service.ts[0m:[93m515[0m:[93m19[0m - [91merror[0m[90m TS2353: 
[0mObject literal may only specify known properties, and 'total' does not exist in type 
'OrderSumAggregateInputType'.

[7m515[0m           _sum: { total: true },
[7m   [0m [91m                  ~~~~~[0m

  [96mnode_modules/.prisma/client/index.d.ts[0m:[93m20298[0m:[93m5[0m
    [7m20298[0m     _sum?: OrderSumAggregateInputType
    [7m     [0m [96m    ~~~~[0m
    The expected type comes from property '_sum' which is declared here on type 
'Subset<OrderAggregateArgs<DefaultArgs>, OrderAggregateArgs<DefaultArgs>>'
[96msrc/modules/admin/admin.service.ts[0m:[93m516[0m:[93m19[0m - [91merror[0m[90m TS2353: 
[0mObject literal may only specify known properties, and 'total' does not exist in type 
'OrderAvgAggregateInputType'.

[7m516[0m           _avg: { total: true },
[7m   [0m [91m                  ~~~~~[0m

  [96mnode_modules/.prisma/client/index.d.ts[0m:[93m20292[0m:[93m5[0m
    [7m20292[0m     _avg?: OrderAvgAggregateInputType
    [7m     [0m [96m    ~~~~[0m
    The expected type comes from property '_avg' which is declared here on type 
'Subset<OrderAggregateArgs<DefaultArgs>, OrderAggregateArgs<DefaultArgs>>'
[96msrc/modules/analytics/analytics.service.ts[0m:[93m67[0m:[93m11[0m - [91merror[0m[90m TS2353: 
[0mObject literal may only specify known properties, and 'total' does not exist in type 
'OrderSumAggregateInputType'.

[7m67[0m           total: true,
[7m  [0m [91m          ~~~~~[0m

  [96mnode_modules/.prisma/client/index.d.ts[0m:[93m20298[0m:[93m5[0m
    [7m20298[0m     _sum?: OrderSumAggregateInputType
    [7m     [0m [96m    ~~~~[0m
    The expected type comes from property '_sum' which is declared here on type 
'Subset<OrderAggregateArgs<DefaultArgs>, OrderAggregateArgs<DefaultArgs>>'
[96msrc/modules/analytics/analytics.service.ts[0m:[93m103[0m:[93m46[0m - [91merror[0m[90m TS2339: 
[0mProperty 'total' does not exist on type '{ subtotal?: Decimal; shippingCost?: Decimal; taxAmount?: 
Decimal; discountAmount?: Decimal; totalAmount?: Decimal; }'.

[7m103[0m       totalRevenue: Number(totalRevenue._sum.total) || 0,
[7m   [0m [91m                                             ~~~~~[0m
[96msrc/modules/analytics/analytics.service.ts[0m:[93m148[0m:[93m11[0m - [91merror[0m[90m TS2353: 
[0mObject literal may only specify known properties, and 'total' does not exist in type 
'OrderSumAggregateInputType'.

[7m148[0m           total: true,
[7m   [0m [91m          ~~~~~[0m

  [96mnode_modules/.prisma/client/index.d.ts[0m:[93m20298[0m:[93m5[0m
    [7m20298[0m     _sum?: OrderSumAggregateInputType
    [7m     [0m [96m    ~~~~[0m
    The expected type comes from property '_sum' which is declared here on type 
'Subset<OrderAggregateArgs<DefaultArgs>, OrderAggregateArgs<DefaultArgs>>'
[96msrc/modules/analytics/analytics.service.ts[0m:[93m151[0m:[93m11[0m - [91merror[0m[90m TS2353: 
[0mObject literal may only specify known properties, and 'total' does not exist in type 
'OrderAvgAggregateInputType'.

[7m151[0m           total: true,
[7m   [0m [91m          ~~~~~[0m

  [96mnode_modules/.prisma/client/index.d.ts[0m:[93m20292[0m:[93m5[0m
    [7m20292[0m     _avg?: OrderAvgAggregateInputType
    [7m     [0m [96m    ~~~~[0m
    The expected type comes from property '_avg' which is declared here on type 
'Subset<OrderAggregateArgs<DefaultArgs>, OrderAggregateArgs<DefaultArgs>>'
[96msrc/modules/analytics/analytics.service.ts[0m:[93m400[0m:[93m11[0m - [91merror[0m[90m TS2353: 
[0mObject literal may only specify known properties, and 'total' does not exist in type 
'OrderSumAggregateInputType'.

[7m400[0m           total: true,
[7m   [0m [91m          ~~~~~[0m

  [96mnode_modules/.prisma/client/index.d.ts[0m:[93m20298[0m:[93m5[0m
    [7m20298[0m     _sum?: OrderSumAggregateInputType
    [7m     [0m [96m    ~~~~[0m
    The expected type comes from property '_sum' which is declared here on type 
'Subset<OrderAggregateArgs<DefaultArgs>, OrderAggregateArgs<DefaultArgs>>'
[96msrc/modules/analytics/analytics.service.ts[0m:[93m637[0m:[93m11[0m - [91merror[0m[90m TS2353: 
[0mObject literal may only specify known properties, and 'total' does not exist in type 
'OrderSumAggregateInputType'.

[7m637[0m           total: true,
[7m   [0m [91m          ~~~~~[0m

  [96mnode_modules/.prisma/client/index.d.ts[0m:[93m20298[0m:[93m5[0m
    [7m20298[0m     _sum?: OrderSumAggregateInputType
    [7m     [0m [96m    ~~~~[0m
    The expected type comes from property '_sum' which is declared here on type 
'Subset<OrderAggregateArgs<DefaultArgs>, OrderAggregateArgs<DefaultArgs>>'
[96msrc/modules/analytics/analytics.service.ts[0m:[93m659[0m:[93m36[0m - [91merror[0m[90m TS2339: 
[0mProperty 'total' does not exist on type '{ subtotal?: Decimal; shippingCost?: Decimal; taxAmount?: 
Decimal; discountAmount?: Decimal; totalAmount?: Decimal; }'.

[7m659[0m       revenue: Number(revenue._sum.total) || 0,
[7m   [0m [91m                                   ~~~~~[0m
[96msrc/modules/analytics/analytics.service.ts[0m:[93m672[0m:[93m9[0m - [91merror[0m[90m TS2353: 
[0mObject literal may only specify known properties, and 'total' does not exist in type 
'OrderSelect<DefaultArgs>'.

[7m672[0m         total: true,
[7m   [0m [91m        ~~~~~[0m

  [96mnode_modules/.prisma/client/index.d.ts[0m:[93m21179[0m:[93m5[0m
    [7m21179[0m     select?: OrderSelect<ExtArgs> | null
    [7m     [0m [96m    ~~~~~~[0m
    The expected type comes from property 'select' which is declared here on type '{ select?: 
OrderSelect<DefaultArgs>; omit?: OrderOmit<DefaultArgs>; include?: OrderInclude<DefaultArgs>; ... 5 more 
...; distinct?: OrderScalarFieldEnum | OrderScalarFieldEnum[]; }'
[96msrc/modules/analytics/analytics.service.ts[0m:[93m690[0m:[93m45[0m - [91merror[0m[90m TS2339: 
[0mProperty 'total' does not exist on type '{ status: OrderStatus; id: string; createdAt: Date; updatedAt: 
Date; userId: string; metadata: JsonValue; subtotal: Decimal; completedAt: Date; ... 17 more ...; 
cancelledAt: Date; }'.

[7m690[0m       grouped[date].revenue += Number(order.total);
[7m   [0m [91m                                            ~~~~~[0m
[96msrc/modules/analytics/services/batch-processor.service.ts[0m:[93m108[0m:[93m17[0m - 
[91merror[0m[90m TS2353: [0mObject literal may only specify known properties, and 'total' does not exist 
in type 'OrderSumAggregateInputType'.

[7m108[0m         _sum: { total: true },
[7m   [0m [91m                ~~~~~[0m

  [96mnode_modules/.prisma/client/index.d.ts[0m:[93m20298[0m:[93m5[0m
    [7m20298[0m     _sum?: OrderSumAggregateInputType
    [7m     [0m [96m    ~~~~[0m
    The expected type comes from property '_sum' which is declared here on type 
'Subset<OrderAggregateArgs<DefaultArgs>, OrderAggregateArgs<DefaultArgs>>'
[96msrc/modules/analytics/services/batch-processor.service.ts[0m:[93m139[0m:[93m43[0m - 
[91merror[0m[90m TS2339: [0mProperty 'total' does not exist on type '{ subtotal?: Decimal; 
shippingCost?: Decimal; taxAmount?: Decimal; discountAmount?: Decimal; totalAmount?: Decimal; }'.

[7m139[0m         totalRevenue: Number(revenue._sum.total) || 0,
[7m   [0m [91m                                          ~~~~~[0m
[96msrc/modules/analytics/services/chart-data.service.ts[0m:[93m350[0m:[93m19[0m - [91merror[0m[90m 
TS2353: [0mObject literal may only specify known properties, and 'total' does not exist in type 
'OrderSumAggregateInputType'.

[7m350[0m           _sum: { total: true },
[7m   [0m [91m                  ~~~~~[0m

  [96mnode_modules/.prisma/client/index.d.ts[0m:[93m20298[0m:[93m5[0m
    [7m20298[0m     _sum?: OrderSumAggregateInputType
    [7m     [0m [96m    ~~~~[0m
    The expected type comes from property '_sum' which is declared here on type 
'Subset<OrderAggregateArgs<DefaultArgs>, OrderAggregateArgs<DefaultArgs>>'
[96msrc/modules/analytics/services/chart-data.service.ts[0m:[93m353[0m:[93m36[0m - [91merror[0m[90m 
TS2339: [0mProperty 'total' does not exist on type '{ subtotal?: Decimal; shippingCost?: Decimal; 
taxAmount?: Decimal; discountAmount?: Decimal; totalAmount?: Decimal; }'.

[7m353[0m         return Number(result._sum?.total || 0);
[7m   [0m [91m                                   ~~~~~[0m
[96msrc/modules/analytics/services/comparison.service.ts[0m:[93m138[0m:[93m9[0m - [91merror[0m[90m 
TS2353: [0mObject literal may only specify known properties, and 'total' does not exist in type 
'OrderSelect<DefaultArgs>'.

[7m138[0m         total: true,
[7m   [0m [91m        ~~~~~[0m

  [96mnode_modules/.prisma/client/index.d.ts[0m:[93m21179[0m:[93m5[0m
    [7m21179[0m     select?: OrderSelect<ExtArgs> | null
    [7m     [0m [96m    ~~~~~~[0m
    The expected type comes from property 'select' which is declared here on type '{ select?: 
OrderSelect<DefaultArgs>; omit?: OrderOmit<DefaultArgs>; include?: OrderInclude<DefaultArgs>; ... 5 more 
...; distinct?: OrderScalarFieldEnum | OrderScalarFieldEnum[]; }'
[96msrc/modules/analytics/services/comparison.service.ts[0m:[93m374[0m:[93m9[0m - [91merror[0m[90m 
TS2353: [0mObject literal may only specify known properties, and 'total' does not exist in type 
'OrderSelect<DefaultArgs>'.

[7m374[0m         total: true,
[7m   [0m [91m        ~~~~~[0m

  [96mnode_modules/.prisma/client/index.d.ts[0m:[93m21179[0m:[93m5[0m
    [7m21179[0m     select?: OrderSelect<ExtArgs> | null
    [7m     [0m [96m    ~~~~~~[0m
    The expected type comes from property 'select' which is declared here on type '{ select?: 
OrderSelect<DefaultArgs>; omit?: OrderOmit<DefaultArgs>; include?: OrderInclude<DefaultArgs>; ... 5 more 
...; distinct?: OrderScalarFieldEnum | OrderScalarFieldEnum[]; }'
[96msrc/modules/analytics/services/comparison.service.ts[0m:[93m379[0m:[93m60[0m - [91merror[0m[90m 
TS2339: [0mProperty 'total' does not exist on type '{ status: OrderStatus; id: string; createdAt: Date; 
updatedAt: Date; userId: string; metadata: JsonValue; subtotal: Decimal; completedAt: Date; ... 17 more ...; 
cancelledAt: Date; }'.

[7m379[0m     const total = orders.reduce((sum, o) => sum + Number(o.total), 0);
[7m   [0m [91m                                                           ~~~~~[0m
[96msrc/modules/analytics/services/comparison.service.ts[0m:[93m386[0m:[93m88[0m - [91merror[0m[90m 
TS2339: [0mProperty 'total' does not exist on type '{ status: OrderStatus; id: string; createdAt: Date; 
updatedAt: Date; userId: string; metadata: JsonValue; subtotal: Decimal; completedAt: Date; ... 17 more ...; 
cancelledAt: Date; }'.

[7m386[0m       daily: this.aggregateByDay(orders.map(o => ({ date: o.createdAt, value: Number(o.total) 
}))),
[7m   [0m [91m                                                                                       
~~~~~[0m
[96msrc/modules/analytics/services/drilldown.service.ts[0m:[93m170[0m:[93m9[0m - [91merror[0m[90m 
TS2353: [0mObject literal may only specify known properties, and 'total' does not exist in type 
'OrderSelect<DefaultArgs>'.

[7m170[0m         total: true,
[7m   [0m [91m        ~~~~~[0m

  [96mnode_modules/.prisma/client/index.d.ts[0m:[93m21179[0m:[93m5[0m
    [7m21179[0m     select?: OrderSelect<ExtArgs> | null
    [7m     [0m [96m    ~~~~~~[0m
    The expected type comes from property 'select' which is declared here on type '{ select?: 
OrderSelect<DefaultArgs>; omit?: OrderOmit<DefaultArgs>; include?: OrderInclude<DefaultArgs>; ... 5 more 
...; distinct?: OrderScalarFieldEnum | OrderScalarFieldEnum[]; }'
[96msrc/modules/analytics/services/drilldown.service.ts[0m:[93m199[0m:[93m34[0m - [91merror[0m[90m 
TS2339: [0mProperty 'orderItems' does not exist on type '{ status: OrderStatus; id: string; createdAt: 
Date; updatedAt: Date; userId: string; metadata: JsonValue; subtotal: Decimal; completedAt: Date; ... 17 
more ...; cancelledAt: Date; }'.

[7m199[0m       const productItems = order.orderItems;
[7m   [0m [91m                                 ~~~~~~~~~~[0m
[96msrc/modules/analytics/services/drilldown.service.ts[0m:[93m208[0m:[93m31[0m - [91merror[0m[90m 
TS2339: [0mProperty 'total' does not exist on type '{ status: OrderStatus; id: string; createdAt: Date; 
updatedAt: Date; userId: string; metadata: JsonValue; subtotal: Decimal; completedAt: Date; ... 17 more ...; 
cancelledAt: Date; }'.

[7m208[0m           total: Number(order.total),
[7m   [0m [91m                              ~~~~~[0m
[96msrc/modules/analytics/services/drilldown.service.ts[0m:[93m212[0m:[93m21[0m - [91merror[0m[90m 
TS2339: [0mProperty 'user' does not exist on type '{ status: OrderStatus; id: string; createdAt: Date; 
updatedAt: Date; userId: string; metadata: JsonValue; subtotal: Decimal; completedAt: Date; ... 17 more ...; 
cancelledAt: Date; }'.

[7m212[0m           id: order.user.id,
[7m   [0m [91m                    ~~~~[0m
[96msrc/modules/analytics/services/drilldown.service.ts[0m:[93m213[0m:[93m24[0m - [91merror[0m[90m 
TS2339: [0mProperty 'user' does not exist on type '{ status: OrderStatus; id: string; createdAt: Date; 
updatedAt: Date; userId: string; metadata: JsonValue; subtotal: Decimal; completedAt: Date; ... 17 more ...; 
cancelledAt: Date; }'.

[7m213[0m           email: order.user.email,
[7m   [0m [91m                       ~~~~[0m
[96msrc/modules/analytics/services/drilldown.service.ts[0m:[93m214[0m:[93m26[0m - [91merror[0m[90m 
TS2339: [0mProperty 'user' does not exist on type '{ status: OrderStatus; id: string; createdAt: Date; 
updatedAt: Date; userId: string; metadata: JsonValue; subtotal: Decimal; completedAt: Date; ... 17 more ...; 
cancelledAt: Date; }'.

[7m214[0m           name: `${order.user.firstName} ${order.user.lastName}`,
[7m   [0m [91m                         ~~~~[0m
[96msrc/modules/analytics/services/drilldown.service.ts[0m:[93m214[0m:[93m50[0m - [91merror[0m[90m 
TS2339: [0mProperty 'user' does not exist on type '{ status: OrderStatus; id: string; createdAt: Date; 
updatedAt: Date; userId: string; metadata: JsonValue; subtotal: Decimal; completedAt: Date; ... 17 more ...; 
cancelledAt: Date; }'.

[7m214[0m           name: `${order.user.firstName} ${order.user.lastName}`,
[7m   [0m [91m                                                 ~~~~[0m
[96msrc/modules/analytics/services/drilldown.service.ts[0m:[93m293[0m:[93m9[0m - [91merror[0m[90m 
TS2353: [0mObject literal may only specify known properties, and 'total' does not exist in type 
'OrderSelect<DefaultArgs>'.

[7m293[0m         total: true,
[7m   [0m [91m        ~~~~~[0m

  [96mnode_modules/.prisma/client/index.d.ts[0m:[93m21179[0m:[93m5[0m
    [7m21179[0m     select?: OrderSelect<ExtArgs> | null
    [7m     [0m [96m    ~~~~~~[0m
    The expected type comes from property 'select' which is declared here on type '{ select?: 
OrderSelect<DefaultArgs>; omit?: OrderOmit<DefaultArgs>; include?: OrderInclude<DefaultArgs>; ... 5 more 
...; distinct?: OrderScalarFieldEnum | OrderScalarFieldEnum[]; }'
[96msrc/modules/analytics/services/drilldown.service.ts[0m:[93m317[0m:[93m31[0m - [91merror[0m[90m 
TS2339: [0mProperty 'orderItems' does not exist on type '{ status: OrderStatus; id: string; createdAt: 
Date; updatedAt: Date; userId: string; metadata: JsonValue; subtotal: Decimal; completedAt: Date; ... 17 
more ...; cancelledAt: Date; }'.

[7m317[0m       const itemCount = order.orderItems.length;
[7m   [0m [91m                              ~~~~~~~~~~[0m
[96msrc/modules/analytics/services/drilldown.service.ts[0m:[93m318[0m:[93m35[0m - [91merror[0m[90m 
TS2339: [0mProperty 'orderItems' does not exist on type '{ status: OrderStatus; id: string; createdAt: 
Date; updatedAt: Date; userId: string; metadata: JsonValue; subtotal: Decimal; completedAt: Date; ... 17 
more ...; cancelledAt: Date; }'.

[7m318[0m       const totalQuantity = order.orderItems.reduce((sum, item) => sum + item.quantity, 0);
[7m   [0m [91m                                  ~~~~~~~~~~[0m
[96msrc/modules/analytics/services/drilldown.service.ts[0m:[93m325[0m:[93m31[0m - [91merror[0m[90m 
TS2339: [0mProperty 'total' does not exist on type '{ status: OrderStatus; id: string; createdAt: Date; 
updatedAt: Date; userId: string; metadata: JsonValue; subtotal: Decimal; completedAt: Date; ... 17 more ...; 
cancelledAt: Date; }'.

[7m325[0m           total: Number(order.total),
[7m   [0m [91m                              ~~~~~[0m
[96msrc/modules/analytics/services/drilldown.service.ts[0m:[93m331[0m:[93m27[0m - [91merror[0m[90m 
TS2339: [0mProperty 'orderItems' does not exist on type '{ status: OrderStatus; id: string; createdAt: 
Date; updatedAt: Date; userId: string; metadata: JsonValue; subtotal: Decimal; completedAt: Date; ... 17 
more ...; cancelledAt: Date; }'.

[7m331[0m           products: order.orderItems.map(item => ({
[7m   [0m [91m                          ~~~~~~~~~~[0m
[96msrc/modules/analytics/services/export.service.ts[0m:[93m131[0m:[93m11[0m - [91merror[0m[90m 
TS2353: [0mObject literal may only specify known properties, and 'total' does not exist in type 
'OrderSelect<DefaultArgs>'.

[7m131[0m           total: true,
[7m   [0m [91m          ~~~~~[0m

  [96mnode_modules/.prisma/client/index.d.ts[0m:[93m21179[0m:[93m5[0m
    [7m21179[0m     select?: OrderSelect<ExtArgs> | null
    [7m     [0m [96m    ~~~~~~[0m
    The expected type comes from property 'select' which is declared here on type '{ select?: 
OrderSelect<DefaultArgs>; omit?: OrderOmit<DefaultArgs>; include?: OrderInclude<DefaultArgs>; ... 5 more 
...; distinct?: OrderScalarFieldEnum | OrderScalarFieldEnum[]; }'
[96msrc/modules/analytics/services/export.service.ts[0m:[93m141[0m:[93m29[0m - [91merror[0m[90m 
TS2339: [0mProperty 'total' does not exist on type '{ status: OrderStatus; id: string; createdAt: Date; 
updatedAt: Date; userId: string; metadata: JsonValue; subtotal: Decimal; completedAt: Date; ... 17 more ...; 
cancelledAt: Date; }'.

[7m141[0m         total: Number(order.total),
[7m   [0m [91m                            ~~~~~[0m
[96msrc/modules/analytics/services/export.service.ts[0m:[93m174[0m:[93m53[0m - [91merror[0m[90m 
TS2339: [0mProperty 'total' does not exist on type '{ status: OrderStatus; id: string; createdAt: Date; 
updatedAt: Date; userId: string; metadata: JsonValue; subtotal: Decimal; completedAt: Date; ... 17 more ...; 
cancelledAt: Date; }'.

[7m174[0m     return orders.map(o => ({ ...o, total: Number(o.total) }));
[7m   [0m [91m                                                    ~~~~~[0m
[96msrc/modules/analytics/services/export.service.ts[0m:[93m182[0m:[93m53[0m - [91merror[0m[90m 
TS2339: [0mProperty 'total' does not exist on type '{ status: OrderStatus; id: string; createdAt: Date; 
updatedAt: Date; userId: string; metadata: JsonValue; subtotal: Decimal; completedAt: Date; ... 17 more ...; 
cancelledAt: Date; }'.

[7m182[0m     return orders.map(o => ({ ...o, total: Number(o.total) }));
[7m   [0m [91m                                                    ~~~~~[0m
[96msrc/modules/analytics/services/forecast.service.ts[0m:[93m45[0m:[93m9[0m - [91merror[0m[90m 
TS2353: [0mObject literal may only specify known properties, and 'total' does not exist in type 
'OrderSelect<DefaultArgs>'.

[7m45[0m         total: true,
[7m  [0m [91m        ~~~~~[0m

  [96mnode_modules/.prisma/client/index.d.ts[0m:[93m21179[0m:[93m5[0m
    [7m21179[0m     select?: OrderSelect<ExtArgs> | null
    [7m     [0m [96m    ~~~~~~[0m
    The expected type comes from property 'select' which is declared here on type '{ select?: 
OrderSelect<DefaultArgs>; omit?: OrderOmit<DefaultArgs>; include?: OrderInclude<DefaultArgs>; ... 5 more 
...; distinct?: OrderScalarFieldEnum | OrderScalarFieldEnum[]; }'
[96msrc/modules/analytics/services/forecast.service.ts[0m:[93m187[0m:[93m11[0m - [91merror[0m[90m 
TS2353: [0mObject literal may only specify known properties, and 'total' does not exist in type 
'OrderSelect<DefaultArgs>'.

[7m187[0m           total: true,
[7m   [0m [91m          ~~~~~[0m

  [96mnode_modules/.prisma/client/index.d.ts[0m:[93m21179[0m:[93m5[0m
    [7m21179[0m     select?: OrderSelect<ExtArgs> | null
    [7m     [0m [96m    ~~~~~~[0m
    The expected type comes from property 'select' which is declared here on type '{ select?: 
OrderSelect<DefaultArgs>; omit?: OrderOmit<DefaultArgs>; include?: OrderInclude<DefaultArgs>; ... 5 more 
...; distinct?: OrderScalarFieldEnum | OrderScalarFieldEnum[]; }'
[96msrc/modules/analytics/services/realtime-analytics.service.ts[0m:[93m29[0m:[93m17[0m - 
[91merror[0m[90m TS2353: [0mObject literal may only specify known properties, and 'total' does not exist 
in type 'OrderSumAggregateInputType'.

[7m29[0m         _sum: { total: true },
[7m  [0m [91m                ~~~~~[0m

  [96mnode_modules/.prisma/client/index.d.ts[0m:[93m20298[0m:[93m5[0m
    [7m20298[0m     _sum?: OrderSumAggregateInputType
    [7m     [0m [96m    ~~~~[0m
    The expected type comes from property '_sum' which is declared here on type 
'Subset<OrderAggregateArgs<DefaultArgs>, OrderAggregateArgs<DefaultArgs>>'
[96msrc/modules/analytics/services/realtime-analytics.service.ts[0m:[93m44[0m:[93m46[0m - 
[91merror[0m[90m TS2339: [0mProperty 'total' does not exist on type '{ subtotal?: Decimal; 
shippingCost?: Decimal; taxAmount?: Decimal; discountAmount?: Decimal; totalAmount?: Decimal; }'.

[7m44[0m       todayRevenue: Number(todayRevenue._sum.total) || 0,
[7m  [0m [91m                                             ~~~~~[0m
[96msrc/modules/analytics/services/realtime-analytics.service.ts[0m:[93m66[0m:[93m9[0m - 
[91merror[0m[90m TS2353: [0mObject literal may only specify known properties, and 'total' does not exist 
in type 'OrderSelect<DefaultArgs>'.

[7m66[0m         total: true,
[7m  [0m [91m        ~~~~~[0m

  [96mnode_modules/.prisma/client/index.d.ts[0m:[93m21179[0m:[93m5[0m
    [7m21179[0m     select?: OrderSelect<ExtArgs> | null
    [7m     [0m [96m    ~~~~~~[0m
    The expected type comes from property 'select' which is declared here on type '{ select?: 
OrderSelect<DefaultArgs>; omit?: OrderOmit<DefaultArgs>; include?: OrderInclude<DefaultArgs>; ... 5 more 
...; distinct?: OrderScalarFieldEnum | OrderScalarFieldEnum[]; }'
[96msrc/modules/analytics/services/realtime-analytics.service.ts[0m:[93m77[0m:[93m74[0m - 
[91merror[0m[90m TS2339: [0mProperty 'total' does not exist on type '{ status: OrderStatus; id: string; 
createdAt: Date; updatedAt: Date; userId: string; metadata: JsonValue; subtotal: Decimal; completedAt: Date; 
... 17 more ...; cancelledAt: Date; }'.

[7m77[0m       totalValue: recentOrders.reduce((sum, order) => sum + Number(order.total), 0),
[7m  [0m [91m                                                                         ~~~~~[0m
[96msrc/modules/analytics/services/report-builder.service.ts[0m:[93m310[0m:[93m69[0m - 
[91merror[0m[90m TS2339: [0mProperty 'total' does not exist on type '{ user: { role: UserRole; id: 
string; clerkId: string; email: string; username: string; firstName: string; lastName: string; imageUrl: 
string; phoneNumber: string; isActive: boolean; lastLoginAt: Date; ... 25 more ...; passwordResetCodeUsed: 
boolean; }; orderItems: ({ ...; } & { ...; })[]; } & { ...; }'.

[7m310[0m       totalRevenue: sales.reduce((sum, order) => sum + Number(order.total), 0),
[7m   [0m [91m                                                                    ~~~~~[0m
[96msrc/modules/analytics/services/report-builder.service.ts[0m:[93m315[0m:[93m30[0m - 
[91merror[0m[90m TS2339: [0mProperty 'total' does not exist on type '{ user: { role: UserRole; id: 
string; clerkId: string; email: string; username: string; firstName: string; lastName: string; imageUrl: 
string; phoneNumber: string; isActive: boolean; lastLoginAt: Date; ... 25 more ...; passwordResetCodeUsed: 
boolean; }; orderItems: ({ ...; } & { ...; })[]; } & { ...; }'.

[7m315[0m         amount: Number(order.total),
[7m   [0m [91m                             ~~~~~[0m
[96msrc/modules/analytics/services/report-builder.service.ts[0m:[93m332[0m:[93m15[0m - 
[91merror[0m[90m TS2353: [0mObject literal may only specify known properties, and 'total' does not exist 
in type 'OrderSumAggregateInputType'.

[7m332[0m       _sum: { total: true },
[7m   [0m [91m              ~~~~~[0m

  [96mnode_modules/.prisma/client/index.d.ts[0m:[93m20298[0m:[93m5[0m
    [7m20298[0m     _sum?: OrderSumAggregateInputType
    [7m     [0m [96m    ~~~~[0m
    The expected type comes from property '_sum' which is declared here on type 
'Subset<OrderAggregateArgs<DefaultArgs>, OrderAggregateArgs<DefaultArgs>>'
[96msrc/modules/analytics/services/report-builder.service.ts[0m:[93m334[0m:[93m15[0m - 
[91merror[0m[90m TS2353: [0mObject literal may only specify known properties, and 'total' does not exist 
in type 'OrderAvgAggregateInputType'.

[7m334[0m       _avg: { total: true },
[7m   [0m [91m              ~~~~~[0m

  [96mnode_modules/.prisma/client/index.d.ts[0m:[93m20292[0m:[93m5[0m
    [7m20292[0m     _avg?: OrderAvgAggregateInputType
    [7m     [0m [96m    ~~~~[0m
    The expected type comes from property '_avg' which is declared here on type 
'Subset<OrderAggregateArgs<DefaultArgs>, OrderAggregateArgs<DefaultArgs>>'
[96msrc/modules/analytics/services/report-builder.service.ts[0m:[93m338[0m:[93m41[0m - 
[91merror[0m[90m TS2339: [0mProperty 'total' does not exist on type '{ subtotal?: Decimal; 
shippingCost?: Decimal; taxAmount?: Decimal; discountAmount?: Decimal; totalAmount?: Decimal; }'.

[7m338[0m       totalRevenue: Number(revenue._sum.total || 0),
[7m   [0m [91m                                        ~~~~~[0m
[96msrc/modules/analytics/services/report-builder.service.ts[0m:[93m340[0m:[93m46[0m - 
[91merror[0m[90m TS2339: [0mProperty 'total' does not exist on type '{ subtotal?: Decimal; 
shippingCost?: Decimal; taxAmount?: Decimal; discountAmount?: Decimal; totalAmount?: Decimal; }'.

[7m340[0m       averageOrderValue: Number(revenue._avg.total || 0),
[7m   [0m [91m                                             ~~~~~[0m
[96msrc/modules/orders/orders.service.ts[0m:[93m175[0m:[93m17[0m - [91merror[0m[90m TS2322: 
[0mType 'string' is not assignable to type 'PaymentMethod'.

[7m175[0m                 method: createOrderDto.paymentMethodId || 'PENDING',
[7m   [0m [91m                ~~~~~~[0m
[96msrc/modules/orders/orders.service.ts[0m:[93m215[0m:[93m64[0m - [91merror[0m[90m TS2339: 
[0mProperty 'payments' does not exist on type '{ status: OrderStatus; id: string; createdAt: Date; 
updatedAt: Date; userId: string; metadata: JsonValue; subtotal: Decimal; completedAt: Date; ... 17 more ...; 
cancelledAt: Date; }'.

[7m215[0m         this.prometheusService.recordOrder(order.status, order.payments[0]?.method, totalAmount);
[7m   [0m [91m                                                               ~~~~~~~~[0m
[96msrc/modules/orders/orders.service.ts[0m:[93m321[0m:[93m13[0m - [91merror[0m[90m TS2339: 
[0mProperty 'userId' does not exist on type 'UpdateOrderDto'.

[7m321[0m     const { userId, ...updateData } = updateOrderDto;
[7m   [0m [91m            ~~~~~~[0m
[96msrc/modules/orders/orders.service.ts[0m:[93m486[0m:[93m15[0m - [91merror[0m[90m TS2339: 
[0mProperty 'shippedAt' does not exist on type '{ status: OrderStatus; id: string; createdAt: Date; 
updatedAt: Date; userId: string; metadata: JsonValue; subtotal: Decimal; completedAt: Date; ... 17 more ...; 
cancelledAt: Date; }'.

[7m486[0m         order.shippedAt && {
[7m   [0m [91m              ~~~~~~~~~[0m
[96msrc/modules/orders/orders.service.ts[0m:[93m488[0m:[93m28[0m - [91merror[0m[90m TS2339: 
[0mProperty 'shippedAt' does not exist on type '{ status: OrderStatus; id: string; createdAt: Date; 
updatedAt: Date; userId: string; metadata: JsonValue; subtotal: Decimal; completedAt: Date; ... 17 more ...; 
cancelledAt: Date; }'.

[7m488[0m           timestamp: order.shippedAt,
[7m   [0m [91m                           ~~~~~~~~~[0m
[96msrc/modules/orders/orders.service.ts[0m:[93m490[0m:[93m15[0m - [91merror[0m[90m TS2339: 
[0mProperty 'deliveredAt' does not exist on type '{ status: OrderStatus; id: string; createdAt: Date; 
updatedAt: Date; userId: string; metadata: JsonValue; subtotal: Decimal; completedAt: Date; ... 17 more ...; 
cancelledAt: Date; }'.

[7m490[0m         order.deliveredAt && {
[7m   [0m [91m              ~~~~~~~~~~~[0m
[96msrc/modules/orders/orders.service.ts[0m:[93m492[0m:[93m28[0m - [91merror[0m[90m TS2339: 
[0mProperty 'deliveredAt' does not exist on type '{ status: OrderStatus; id: string; createdAt: Date; 
updatedAt: Date; userId: string; metadata: JsonValue; subtotal: Decimal; completedAt: Date; ... 17 more ...; 
cancelledAt: Date; }'.

[7m492[0m           timestamp: order.deliveredAt,
[7m   [0m [91m                           ~~~~~~~~~~~[0m
[96msrc/modules/orders/orders.service.ts[0m:[93m544[0m:[93m23[0m - [91merror[0m[90m TS2339: 
[0mProperty 'shipping' does not exist on type '{ user: { role: UserRole; id: string; clerkId: string; 
email: string; username: string; firstName: string; lastName: string; imageUrl: string; phoneNumber: string; 
isActive: boolean; lastLoginAt: Date; ... 25 more ...; passwordResetCodeUsed: boolean; }; payments: { ...; 
}[]; orderItems: ({ ...; } & { ...; })[]; } & ...'.

[7m544[0m       shipping: order.shipping.toNumber(),
[7m   [0m [91m                      ~~~~~~~~[0m
[96msrc/modules/orders/orders.service.ts[0m:[93m545[0m:[93m18[0m - [91merror[0m[90m TS2339: 
[0mProperty 'tax' does not exist on type '{ user: { role: UserRole; id: string; clerkId: string; email: 
string; username: string; firstName: string; lastName: string; imageUrl: string; phoneNumber: string; 
isActive: boolean; lastLoginAt: Date; ... 25 more ...; passwordResetCodeUsed: boolean; }; payments: { ...; 
}[]; orderItems: ({ ...; } & { ...; })[]; } & ...'.

[7m545[0m       tax: order.tax.toNumber(),
[7m   [0m [91m                 ~~~[0m
[96msrc/modules/orders/orders.service.ts[0m:[93m546[0m:[93m23[0m - [91merror[0m[90m TS2339: 
[0mProperty 'discount' does not exist on type '{ user: { role: UserRole; id: string; clerkId: string; 
email: string; username: string; firstName: string; lastName: string; imageUrl: string; phoneNumber: string; 
isActive: boolean; lastLoginAt: Date; ... 25 more ...; passwordResetCodeUsed: boolean; }; payments: { ...; 
}[]; orderItems: ({ ...; } & { ...; })[]; } & ...'.

[7m546[0m       discount: order.discount.toNumber(),
[7m   [0m [91m                      ~~~~~~~~[0m
[96msrc/modules/orders/orders.service.ts[0m:[93m547[0m:[93m20[0m - [91merror[0m[90m TS2339: 
[0mProperty 'total' does not exist on type '{ user: { role: UserRole; id: string; clerkId: string; email: 
string; username: string; firstName: string; lastName: string; imageUrl: string; phoneNumber: string; 
isActive: boolean; lastLoginAt: Date; ... 25 more ...; passwordResetCodeUsed: boolean; }; payments: { ...; 
}[]; orderItems: ({ ...; } & { ...; })[]; } & ...'.

Found 74 error(s).

[7m547[0m       total: order.total.toNumber(),
[7m   [0m [91m                   ~~~~~[0m
[96msrc/modules/orders/orders.service.ts[0m:[93m567[0m:[93m19[0m - [91merror[0m[90m TS2353: 
[0mObject literal may only specify known properties, and 'total' does not exist in type 
'OrderSumAggregateInputType'.

[7m567[0m           _sum: { total: true },
[7m   [0m [91m                  ~~~~~[0m

  [96mnode_modules/.prisma/client/index.d.ts[0m:[93m20298[0m:[93m5[0m
    [7m20298[0m     _sum?: OrderSumAggregateInputType
    [7m     [0m [96m    ~~~~[0m
    The expected type comes from property '_sum' which is declared here on type 
'Subset<OrderAggregateArgs<DefaultArgs>, OrderAggregateArgs<DefaultArgs>>'
[96msrc/modules/orders/orders.service.ts[0m:[93m580[0m:[93m44[0m - [91merror[0m[90m TS2339: 
[0mProperty 'total' does not exist on type '{ subtotal?: Decimal; shippingCost?: Decimal; taxAmount?: 
Decimal; discountAmount?: Decimal; totalAmount?: Decimal; }'.

[7m580[0m     const revenueTotal = totalRevenue._sum.total?.toNumber() || 0;
[7m   [0m [91m                                           ~~~~~[0m
[96msrc/modules/orders/orders.service.ts[0m:[93m746[0m:[93m17[0m - [91merror[0m[90m TS2353: 
[0mObject literal may only specify known properties, and 'tax' does not exist in type 
'(Without<OrderCreateInput, OrderUncheckedCreateInput> & OrderUncheckedCreateInput) | (Without<...> & 
OrderCreateInput)'.

[7m746[0m                 tax: cart.tax,
[7m   [0m [91m                ~~~[0m

  [96mnode_modules/.prisma/client/index.d.ts[0m:[93m21238[0m:[93m5[0m
    [7m21238[0m     data: XOR<OrderCreateInput, OrderUncheckedCreateInput>
    [7m     [0m [96m    ~~~~[0m
    The expected type comes from property 'data' which is declared here on type '{ select?: 
OrderSelect<DefaultArgs>; omit?: OrderOmit<DefaultArgs>; include?: OrderInclude<DefaultArgs>; data: 
(Without<...> & OrderUncheckedCreateInput) | (Without<...> & OrderCreateInput); }'
[96msrc/modules/orders/orders.service.ts[0m:[93m815[0m:[93m50[0m - [91merror[0m[90m TS2339: 
[0mProperty 'total' does not exist on type '{ status: OrderStatus; id: string; createdAt: Date; updatedAt: 
Date; userId: string; metadata: JsonValue; subtotal: Decimal; completedAt: Date; ... 17 more ...; 
cancelledAt: Date; }'.

[7m815[0m           span.setAttribute('order.total', order.total.toNumber());
[7m   [0m [91m                                                 ~~~~~[0m
[96msrc/modules/orders/repositories/order.repository.ts[0m:[93m227[0m:[93m7[0m - [91merror[0m[90m 
TS2322: [0mType 'OrderStatus' is not assignable to type 'OrderStatus | EnumOrderStatusFilter<"Order">'.

[7m227[0m       where.status = filters.status;
[7m   [0m [91m      ~~~~~~~~~~~~[0m
[96msrc/modules/super-admin/super-admin.service.ts[0m:[93m27[0m:[93m36[0m - [91merror[0m[90m 
TS2353: [0mObject literal may only specify known properties, and 'total' does not exist in type 
'OrderSelect<DefaultArgs>'.

[7m27[0m         select: { createdAt: true, total: true },
[7m  [0m [91m                                   ~~~~~[0m

  [96mnode_modules/.prisma/client/index.d.ts[0m:[93m21179[0m:[93m5[0m
    [7m21179[0m     select?: OrderSelect<ExtArgs> | null
    [7m     [0m [96m    ~~~~~~[0m
    The expected type comes from property 'select' which is declared here on type '{ select?: 
OrderSelect<DefaultArgs>; omit?: OrderOmit<DefaultArgs>; include?: OrderInclude<DefaultArgs>; ... 5 more 
...; distinct?: OrderScalarFieldEnum | OrderScalarFieldEnum[]; }'
[96msrc/modules/super-admin/super-admin.service.ts[0m:[93m39[0m:[93m57[0m - [91merror[0m[90m 
TS2339: [0mProperty 'total' does not exist on type '{ status: OrderStatus; id: string; createdAt: Date; 
updatedAt: Date; userId: string; metadata: JsonValue; subtotal: Decimal; completedAt: Date; ... 17 more ...; 
cancelledAt: Date; }'.

[7m39[0m           buckets[key] = (buckets[key] || 0) + Number(o.total || 0);
[7m  [0m [91m                                                        ~~~~~[0m

